// Jest Snapshot v1, https://goo.gl/fbAQLP

exports[`matches previous snapshot 1`] = `
<View
  style={
    Array [
      undefined,
      undefined,
    ]
  }
>
  <View
    accessible={true}
    focusable={true}
    isTVSelectable={true}
    onClick={[Function]}
    onResponderGrant={[Function]}
    onResponderMove={[Function]}
    onResponderRelease={[Function]}
    onResponderTerminate={[Function]}
    onResponderTerminationRequest={[Function]}
    onStartShouldSetResponder={[Function]}
    style={
      Object {
        "backgroundColor": "#0984e3",
        "borderRadius": 5,
        "opacity": 1,
      }
    }
  >
    <Text
      style={
        Array [
          Object {
            "padding": 10,
          },
          Object {
            "color": "#ffffff",
          },
          Object {
            "fontSize": 20,
            "padding": 20,
            "textAlign": "center",
          },
        ]
      }
    >
      click to start contraction
    </Text>
  </View>
  <View
    style={
      Object {
        "backgroundColor": "#fff",
        "flex": 1,
        "flexDirection": "column",
        "paddingTop": 30,
      }
    }
  >
    <View
      style={
        Object {
          "backgroundColor": "#f1f8ff",
          "flex": 0,
          "flexDirection": "row",
          "height": 70,
          "padding": 20,
        }
      }
    >
      <View
        style={
          Object {
            "flex": 1,
            "flexDirection": "column",
          }
        }
      >
        <Text
          style={
            Object {
              "fontSize": 20,
            }
          }
        >
          Frequency
        </Text>
      </View>
      <View
        style={
          Object {
            "flex": 1,
            "flexDirection": "column",
          }
        }
      >
        <Text
          style={
            Object {
              "fontSize": 20,
            }
          }
        >
          Duration
        </Text>
      </View>
    </View>
    <RCTScrollView
      onContentSizeChange={[Function]}
    >
      <View />
    </RCTScrollView>
  </View>
</View>
`;
