// Jest Snapshot v1, https://goo.gl/fbAQLP

exports[`matches previous snapshot 1`] = `
<View
  style={
    Object {
      "flex": 1,
      "flexDirection": "column",
      "paddingTop": 30,
    }
  }
>
  <View
    style={
      Object {
        "backgroundColor": "#F5E4DC",
        "flex": 0,
        "flexDirection": "row",
        "height": 70,
      }
    }
  >
    <View
      style={
        Object {
          "flex": 1,
          "flexDirection": "column",
        }
      }
    >
      <Text
        style={
          Object {
            "color": "grey",
            "fontSize": 18,
            "paddingTop": 20,
            "textAlign": "center",
          }
        }
      >
        Time
      </Text>
    </View>
    <View
      style={
        Object {
          "flex": 1,
          "flexDirection": "column",
        }
      }
    >
      <Text
        style={
          Object {
            "color": "grey",
            "fontSize": 18,
            "paddingTop": 20,
            "textAlign": "center",
          }
        }
      >
        Frequency
      </Text>
    </View>
    <View
      style={
        Object {
          "flex": 1,
          "flexDirection": "column",
        }
      }
    >
      <Text
        style={
          Object {
            "color": "grey",
            "fontSize": 18,
            "paddingTop": 20,
            "textAlign": "center",
          }
        }
      >
        Duration
      </Text>
    </View>
  </View>
  <RCTScrollView
    onContentSizeChange={[Function]}
  >
    <View>
      <View
        style={
          Object {
            "flex": 1,
            "flexDirection": "row",
          }
        }
      >
        <View
          style={
            Object {
              "borderColor": "#F5E4DC",
              "borderWidth": 2,
              "flex": 1,
              "flexDirection": "column",
              "paddingBottom": 10,
              "paddingLeft": 20,
              "paddingRight": 20,
              "paddingTop": 10,
            }
          }
        >
          <Text
            style={
              Object {
                "color": "grey",
                "fontSize": 13,
                "textAlign": "center",
              }
            }
          >
            Wed, 11:46
          </Text>
        </View>
        <View
          style={
            Object {
              "borderColor": "#F5E4DC",
              "borderWidth": 2,
              "flex": 1,
              "flexDirection": "column",
              "paddingBottom": 10,
              "paddingLeft": 20,
              "paddingRight": 20,
              "paddingTop": 10,
            }
          }
        >
          <Text
            style={
              Object {
                "color": "grey",
                "fontSize": 13,
                "textAlign": "center",
              }
            }
          />
        </View>
        <View
          style={
            Object {
              "borderColor": "#F5E4DC",
              "borderWidth": 2,
              "flex": 1,
              "flexDirection": "column",
              "paddingBottom": 10,
              "paddingLeft": 20,
              "paddingRight": 20,
              "paddingTop": 10,
            }
          }
        >
          <Text
            style={
              Object {
                "color": "grey",
                "fontSize": 13,
                "textAlign": "center",
              }
            }
          >
            1m 0s
          </Text>
        </View>
      </View>
      <View
        style={
          Object {
            "flex": 1,
            "flexDirection": "row",
          }
        }
      >
        <View
          style={
            Object {
              "borderColor": "#F5E4DC",
              "borderWidth": 2,
              "flex": 1,
              "flexDirection": "column",
              "paddingBottom": 10,
              "paddingLeft": 20,
              "paddingRight": 20,
              "paddingTop": 10,
            }
          }
        >
          <Text
            style={
              Object {
                "color": "grey",
                "fontSize": 13,
                "textAlign": "center",
              }
            }
          >
            Wed, 11:51
          </Text>
        </View>
        <View
          style={
            Object {
              "borderColor": "#F5E4DC",
              "borderWidth": 2,
              "flex": 1,
              "flexDirection": "column",
              "paddingBottom": 10,
              "paddingLeft": 20,
              "paddingRight": 20,
              "paddingTop": 10,
            }
          }
        >
          <Text
            style={
              Object {
                "color": "grey",
                "fontSize": 13,
                "textAlign": "center",
              }
            }
          >
            0h 5m 0s
          </Text>
        </View>
        <View
          style={
            Object {
              "borderColor": "#F5E4DC",
              "borderWidth": 2,
              "flex": 1,
              "flexDirection": "column",
              "paddingBottom": 10,
              "paddingLeft": 20,
              "paddingRight": 20,
              "paddingTop": 10,
            }
          }
        >
          <Text
            style={
              Object {
                "color": "grey",
                "fontSize": 13,
                "textAlign": "center",
              }
            }
          >
            1m 0s
          </Text>
        </View>
      </View>
    </View>
  </RCTScrollView>
</View>
`;
