// Jest Snapshot v1, https://goo.gl/fbAQLP

exports[`matches previous snapshot 1`] = `
<View
  accessible={true}
  focusable={true}
  isTVSelectable={true}
  onClick={[Function]}
  onResponderGrant={[Function]}
  onResponderMove={[Function]}
  onResponderRelease={[Function]}
  onResponderTerminate={[Function]}
  onResponderTerminationRequest={[Function]}
  onStartShouldSetResponder={[Function]}
  style={
    Object {
      "backgroundColor": "#9EC4C5",
      "borderRadius": 5,
      "opacity": 1,
    }
  }
>
  <Text
    style={
      Array [
        Object {
          "padding": 10,
        },
        Object {
          "color": "#ffffff",
        },
        Object {
          "fontSize": 20,
          "padding": 20,
          "textAlign": "center",
        },
      ]
    }
  >
    click to start contraction
  </Text>
</View>
`;
